// Jest Snapshot v1, https://goo.gl/fbAQLP

exports[`renders ExchangeRate 1`] = `"$ 1 = Â£ 1.4675"`;
